[www.columbifarms.com/index.html]
[backblue.gif]
[fade.gif]
[index.html]
[www.columbifarms.com/imager/images/8154/footer-columbi-farms_ccc647699d3b878f33fab0fc43e2f880.jpg]
[www.columbifarms.com/imager/images/8154/footer-columbi-farms_516c7187cb6fd957833153cf71fa6fef.jpg]
[www.columbifarms.com/imager/images/8154/footer-columbi-farms_b9751a5495d73ddd9861716ec757d727.jpg]
[www.columbifarms.com/assets/1638564288/bundle.css]
[www.columbifarms.com/apple-touch-icon.png]
[www.columbifarms.com/favicon-32x32.png]
[www.columbifarms.com/favicon-16x16.png]
[www.columbifarms.com/site.webmanifest]
[www.columbifarms.com/safari-pinned-tab.svg]
[www.columbifarms.com/search.html]
[www.columbifarms.com/news.html]
[www.columbifarms.com/research-and-development.html]
[www.columbifarms.com/who-we-are.html]
[www.columbifarms.com/contact.html]
[www.columbifarms.com/sustainability.html]
[www.columbifarms.com/our-process.html]
[www.columbifarms.com/timeline.html]
[www.columbifarms.com/management.html]
[www.columbifarms.com/imager/images/7702/frontpage-leaf-columbi-2_6e884aeb6293794e91056c1701553766.png]
[www.columbifarms.com/planlegger-storstilt-vertikal-gronnsaksproduksjon-i-trondelag.html]
[www.columbifarms.com/columbi-farms-interviewed-in-a-global-seafood-alliance-article.html]
[www.columbifarms.com/producing-salad-with-water-emitted-from-salmon-farming.html]
[www.columbifarms.com/columbi-farms-initiates-research-project-to-make-salmon-farming-carbon-neutral.html]
[www.columbifarms.com/imager/images/9003/Columbi-Farms-oversikt-int_2a73786203be8056e14db254713fe877.png]
[www.columbifarms.com/imager/images/9005/Columbi-Farms-oversikt-ext_2a73786203be8056e14db254713fe877.png]
[www.columbifarms.com/uploads/lottie-animations/dotflow.json]
[www.columbifarms.com/imager/images/Illustrations/11225/Columbi-salmon-fishtank-green-bg-01_7dac5cc6b6437ed070afe0261a4015b5.png]
[www.columbifarms.com/imager/images/Illustrations/10785/Columbi-Farms-vertikallagring_7dac5cc6b6437ed070afe0261a4015b5.png]
[www.columbifarms.com/imager/images/Illustrations/10811/Columbi-Farms-seeds_7dac5cc6b6437ed070afe0261a4015b5.png]
[www.columbifarms.com/imager/images/Illustrations/10810/Columbi-Farms-rotter-vann_7dac5cc6b6437ed070afe0261a4015b5.png]
[www.columbifarms.com/privacy-policy.html]
[www.columbifarms.com/imager/images/8154/footer-columbi-farms_616b2c32fb7bb9679ad560fc61635847.png]
[www.columbifarms.com/uploads/lottie-animations/footer_slow.json]
[www.columbifarms.com/assets/1638563879/bundle.es.js]
[www.columbifarms.com/index.html]
[www.columbifarms.com/assets/fonts/Ambit-Regular.woff2]
[www.columbifarms.com/assets/1638563879/bundle.legacy.js]
[www.columbifarms.com/assets/fonts/Ambit-Regular.woff]
[www.columbifarms.com/assets/fonts/Ambit-Italic.woff2]
[www.columbifarms.com/assets/fonts/Ambit-Italic.woff]
[www.columbifarms.com/assets/fonts/Ambit-Light.woff2]
[www.columbifarms.com/assets/fonts/Ambit-Light.woff]
[www.columbifarms.com/assets/fonts/Ambit-LightItalic.woff2]
[www.columbifarms.com/assets/fonts/Ambit-LightItalic.woff]
[www.columbifarms.com/assets/fonts/Ambit-Bold.woff2]
[www.columbifarms.com/assets/fonts/Ambit-Bold.woff]
[www.columbifarms.com/assets/fonts/Ambit-BoldItalic.woff2]
[www.columbifarms.com/assets/fonts/Ambit-BoldItalic.woff]
[www.columbifarms.com/assets/fonts/Ambit-Black.woff2]
[www.columbifarms.com/assets/1638564288/bundle.css]
[www.columbifarms.com/safari-pinned-tab.svg]
[www.columbifarms.com/search.html]
[www.columbifarms.com/news.html]
[www.columbifarms.com/assets/fonts/Ambit-Black.woff]
[www.columbifarms.com/imager/images/Illustrations/10785/Columbi-Farms-vertikallagring_ccc647699d3b878f33fab0fc43e2f880.jpg]
[www.columbifarms.com/imager/images/Illustrations/10785/Columbi-Farms-vertikallagring_516c7187cb6fd957833153cf71fa6fef.jpg]
[www.columbifarms.com/imager/images/Illustrations/10785/Columbi-Farms-vertikallagring_b9751a5495d73ddd9861716ec757d727.jpg]
[www.columbifarms.com/imager/images/Illustrations/11499/Columbi-alle-fabrikker-interior-01_2a73786203be8056e14db254713fe877.png]
[www.columbifarms.com/imager/images/Illustrations/10810/Columbi-Farms-rotter-vann_2a73786203be8056e14db254713fe877.png]
[www.columbifarms.com/imager/images/Illustrations/10785/Columbi-Farms-vertikallagring_2a73786203be8056e14db254713fe877.png]
[www.columbifarms.com/research-and-development.html]
[www.columbifarms.com/imager/images/Illustrations/11439/farms-fabrikk-exterior-01_ccc647699d3b878f33fab0fc43e2f880.jpg]
[www.columbifarms.com/imager/images/Illustrations/11439/farms-fabrikk-exterior-01_516c7187cb6fd957833153cf71fa6fef.jpg]
[www.columbifarms.com/imager/images/Illustrations/11439/farms-fabrikk-exterior-01_b9751a5495d73ddd9861716ec757d727.jpg]
[www.columbifarms.com/imager/images/Illustrations/10812/Columbi-Farms-fabrikk_2a73786203be8056e14db254713fe877.png]
[www.columbifarms.com/who-we-are.html]
[api.mapbox.com/mapbox-gl-js/v1.12.0/mapbox-gl.css]
[www.columbifarms.com/profile/ole-andre-nordal.html]
[www.columbifarms.com/profile/siv-lene-gangenes-skar.html]
[www.columbifarms.com/profile/joran-totland-stangervag.html]
[www.columbifarms.com/contact.html]
[www.columbifarms.com/profile/mari-batnes-birkeland.html]
[www.columbifarms.com/imager/images/Stock-images/11399/iStock-618848220_ccc647699d3b878f33fab0fc43e2f880.jpg]
[www.columbifarms.com/imager/images/Stock-images/11399/iStock-618848220_516c7187cb6fd957833153cf71fa6fef.jpg]
[www.columbifarms.com/imager/images/Stock-images/11399/iStock-618848220_b9751a5495d73ddd9861716ec757d727.jpg]
[www.columbifarms.com/imager/images/Stock-images/11399/iStock-618848220_2a73786203be8056e14db254713fe877.jpg]
[www.columbifarms.com/imager/images/Illustrations/11526/Columbi-Farms-india-map2-01_2a73786203be8056e14db254713fe877.png]
[www.columbifarms.com/imager/images/Illustrations/11439/farms-fabrikk-exterior-01_2a73786203be8056e14db254713fe877.png]
[www.columbifarms.com/sustainability.html]
[www.columbifarms.com/imager/images/10748/img_0_ccc647699d3b878f33fab0fc43e2f880.jpg]
[www.columbifarms.com/imager/images/10748/img_0_516c7187cb6fd957833153cf71fa6fef.jpg]
[www.columbifarms.com/imager/images/10748/img_0_b9751a5495d73ddd9861716ec757d727.jpg]
[www.columbifarms.com/our-process.html]
[www.columbifarms.com/timeline.html]
[www.columbifarms.com/management.html]
[www.columbifarms.com/planlegger-storstilt-vertikal-gronnsaksproduksjon-i-trondelag.html]
[www.columbifarms.com/columbi-farms-interviewed-in-a-global-seafood-alliance-article.html]
[www.columbifarms.com/imager/images/Illustrations/10810/Columbi-Farms-rotter-vann_ccc647699d3b878f33fab0fc43e2f880.jpg]
[www.columbifarms.com/imager/images/Illustrations/10810/Columbi-Farms-rotter-vann_516c7187cb6fd957833153cf71fa6fef.jpg]
[www.columbifarms.com/imager/images/Illustrations/10810/Columbi-Farms-rotter-vann_b9751a5495d73ddd9861716ec757d727.jpg]
[www.columbifarms.com/producing-salad-with-water-emitted-from-salmon-farming.html]
[www.columbifarms.com/imager/images/Stock-images/12394/iStock-974978914salad_ccc647699d3b878f33fab0fc43e2f880.jpg]
[www.columbifarms.com/imager/images/Stock-images/12394/iStock-974978914salad_516c7187cb6fd957833153cf71fa6fef.jpg]
[www.columbifarms.com/imager/images/Stock-images/12394/iStock-974978914salad_b9751a5495d73ddd9861716ec757d727.jpg]
[www.columbifarms.com/imager/images/Stock-images/12394/iStock-974978914salad_2a73786203be8056e14db254713fe877.jpg]
[www.columbifarms.com/profile/anders-hagen.html]
[www.columbifarms.com/columbi-farms-initiates-research-project-to-make-salmon-farming-carbon-neutral.html]
[www.columbifarms.com/privacy-policy.html]
[api.mapbox.com/mapbox-gl-js/v1.12.0/mapbox-gl.css]
[www.columbifarms.com/profile/ole-andre-nordal.html]
[www.columbifarms.com/profile/siv-lene-gangenes-skar.html]
[www.columbifarms.com/profile/joran-totland-stangervag.html]
[www.columbifarms.com/profile/mari-batnes-birkeland.html]
[www.columbifarms.com/profile/kolbjorn-giskeodegard.html]
[www.columbifarms.com/profile/anders-hagen.html]
[www.columbifarms.com/profile/kolbjorn-giskeodegard.html]
